[17:49:55] [INFO] ScriptNive GUI iniciado
[17:50:05] [SUCCESS] ✅ IP renovado com sucesso
[17:50:27] [ERROR] ❌ Operação requer privilégios de administrador
[17:50:32] [INFO] ℹ Aplicação minimizada para bandeja
[17:51:07] [INFO] ScriptNive GUI iniciado
[17:51:10] [INFO] Iniciando limpeza de cache DNS...
[17:51:10] [INFO] Resetando Winsock (repara catálogo de sockets)...
[17:51:10] [SUCCESS] ✅ ✓ Resetando Winsock (repara catálogo de sockets)... - Sucesso
[17:51:10] [INFO] Resetando pilha TCP/IP (repara configurações IP)...
[17:51:10] [WARNING] ⚠ ⚠ Resetando pilha TCP/IP (repara configurações IP)... - Código: 1
[17:51:10] [INFO] Limpando cache NetBIOS (purga nomes locais)...
[17:51:11] [SUCCESS] ✅ ✓ Limpando cache NetBIOS (purga nomes locais)... - Sucesso
[17:51:11] [INFO] Liberando nomes NetBIOS (atualiza registro)...
[17:51:11] [SUCCESS] ✅ ✓ Liberando nomes NetBIOS (atualiza registro)... - Sucesso
[17:51:11] [INFO] Limpando cache ARP (remove mapeamentos de IP para MAC)...
[17:51:11] [SUCCESS] ✅ ✓ Limpando cache ARP (remove mapeamentos de IP para MAC)... - Sucesso
[17:51:11] [INFO] Parando serviço DNS Client...
[17:51:11] [WARNING] ⚠ ⚠ Parando serviço DNS Client... - Código: 2
[17:51:11] [INFO] Limpando cache DNS...
[17:51:11] [SUCCESS] ✅ ✓ Limpando cache DNS... - Sucesso
[17:51:11] [INFO] Reiniciando serviço DNS Client...
[17:51:11] [WARNING] ⚠ ⚠ Reiniciando serviço DNS Client... - Código: 2
[17:51:11] [INFO] Liberando IP atual...
[17:51:11] [SUCCESS] ✅ ✓ Liberando IP atual... - Sucesso
[17:51:11] [INFO] Renovando IP...
[17:51:11] [SUCCESS] ✅ ✓ Renovando IP... - Sucesso
[17:51:11] [INFO] Registrando DNS...
[17:51:13] [INFO] Iniciando limpeza de cache DNS...
[17:51:13] [INFO] Resetando Winsock (repara catálogo de sockets)...
[17:51:13] [SUCCESS] ✅ ✓ Resetando Winsock (repara catálogo de sockets)... - Sucesso
[17:51:13] [INFO] Resetando pilha TCP/IP (repara configurações IP)...
[17:51:13] [WARNING] ⚠ ⚠ Resetando pilha TCP/IP (repara configurações IP)... - Código: 1
[17:51:13] [INFO] Limpando cache NetBIOS (purga nomes locais)...
[17:51:13] [SUCCESS] ✅ ✓ Limpando cache NetBIOS (purga nomes locais)... - Sucesso
[17:51:13] [INFO] Liberando nomes NetBIOS (atualiza registro)...
[17:51:13] [SUCCESS] ✅ ✓ Liberando nomes NetBIOS (atualiza registro)... - Sucesso
[17:51:13] [INFO] Limpando cache ARP (remove mapeamentos de IP para MAC)...
[17:51:13] [SUCCESS] ✅ ✓ Limpando cache ARP (remove mapeamentos de IP para MAC)... - Sucesso
[17:51:13] [INFO] Parando serviço DNS Client...
[17:51:13] [WARNING] ⚠ ⚠ Parando serviço DNS Client... - Código: 2
[17:51:13] [INFO] Limpando cache DNS...
[17:51:13] [SUCCESS] ✅ ✓ Limpando cache DNS... - Sucesso
[17:51:13] [INFO] Reiniciando serviço DNS Client...
[17:51:13] [WARNING] ⚠ ⚠ Reiniciando serviço DNS Client... - Código: 2
[17:51:13] [INFO] Liberando IP atual...
[17:51:13] [SUCCESS] ✅ ✓ Liberando IP atual... - Sucesso
[17:51:13] [INFO] Renovando IP...
[17:51:14] [SUCCESS] ✅ ✓ Registrando DNS... - Sucesso
[17:51:14] [SUCCESS] ✅ ✓ Renovando IP... - Sucesso
[17:51:14] [INFO] Registrando DNS...
[17:51:14] [SUCCESS] ✅ ✓ netsh winsock reset - Sucesso
[17:51:15] [SUCCESS] ✅ Cache DNS limpo com sucesso!
[17:51:17] [SUCCESS] ✅ ✓ Registrando DNS... - Sucesso
[17:51:17] [SUCCESS] ✅ ✓ netsh winsock reset - Sucesso
[17:51:18] [SUCCESS] ✅ Cache DNS limpo com sucesso!
[17:51:31] [INFO] ℹ Aplicação minimizada para bandeja
[18:02:30] [INFO] ScriptNive GUI iniciado
[18:02:32] [INFO] Iniciando limpeza de cache DNS...
[18:02:32] [INFO] Resetando Winsock (repara catálogo de sockets)...
[18:02:32] [SUCCESS] ✅ ✓ Resetando Winsock (repara catálogo de sockets)... - Sucesso
[18:02:32] [INFO] Resetando pilha TCP/IP (repara configurações IP)...
[18:02:32] [WARNING] ⚠ ⚠ Resetando pilha TCP/IP (repara configurações IP)... - Código: 1
[18:02:32] [INFO] Limpando cache NetBIOS (purga nomes locais)...
[18:02:32] [SUCCESS] ✅ ✓ Limpando cache NetBIOS (purga nomes locais)... - Sucesso
[18:02:32] [INFO] Liberando nomes NetBIOS (atualiza registro)...
[18:02:33] [SUCCESS] ✅ ✓ Liberando nomes NetBIOS (atualiza registro)... - Sucesso
[18:02:33] [INFO] Limpando cache ARP (remove mapeamentos de IP para MAC)...
[18:02:33] [SUCCESS] ✅ ✓ Limpando cache ARP (remove mapeamentos de IP para MAC)... - Sucesso
[18:02:33] [INFO] Parando serviço DNS Client...
[18:02:33] [WARNING] ⚠ ⚠ Parando serviço DNS Client... - Código: 2
[18:02:33] [INFO] Limpando cache DNS...
[18:02:33] [SUCCESS] ✅ ✓ Limpando cache DNS... - Sucesso
[18:02:33] [INFO] Reiniciando serviço DNS Client...
[18:02:33] [WARNING] ⚠ ⚠ Reiniciando serviço DNS Client... - Código: 2
[18:02:33] [INFO] Liberando IP atual...
[18:02:33] [SUCCESS] ✅ ✓ Liberando IP atual... - Sucesso
[18:02:33] [INFO] Renovando IP...
[18:02:33] [SUCCESS] ✅ ✓ Renovando IP... - Sucesso
[18:02:33] [INFO] Registrando DNS...
[18:02:36] [SUCCESS] ✅ ✓ Registrando DNS... - Sucesso
[18:02:36] [SUCCESS] ✅ ✓ netsh winsock reset - Sucesso
[18:02:36] [SUCCESS] ✅ Cache DNS limpo com sucesso!
[18:02:51] [SUCCESS] ✅ Reinício de adaptadores de rede iniciado
[18:03:03] [SUCCESS] ✅ IP renovado com sucesso
[18:05:36] [INFO] Executando comando: del /q /f /s "%temp%\*"
[18:05:39] [SUCCESS] ✅ Comando executado com sucesso
[18:05:39] [INFO] Executando comando: del /q/f/s "C:\Windows\Temp\*"
[18:05:39] [SUCCESS] ✅ Comando executado com sucesso
[18:05:39] [INFO] Executando comando: del /q /f /s "%windir%\Prefetch\*"
[18:05:39] [SUCCESS] ✅ Comando executado com sucesso
[18:05:39] [INFO] Executando comando: del /q /f /s "%appdata%\Microsoft\Windows\Recent\*"
[18:05:39] [SUCCESS] ✅ Comando executado com sucesso
[18:05:39] [SUCCESS] ✅ Arquivos temporários limpos
[18:07:41] [INFO] Executando comando: winget upgrade --all
[18:28:27] [ERROR] ❌ Comando excedeu tempo limite (5 minutos)
[18:28:27] [ERROR] ❌ Erro ao atualizar programas
[18:28:34] [INFO] ℹ Aplicação minimizada para bandeja
