[19:33:04] [INFO] ScriptNive GUI iniciado
[19:33:11] [ERROR] ❌ Operação requer privilégios de administrador
[19:33:14] [INFO] ℹ Aplicação minimizada para bandeja
[19:33:46] [INFO] ScriptNive GUI iniciado
[19:33:50] [INFO] Iniciando limpeza de cache DNS...
[19:33:50] [INFO] Resetando Winsock (repara catálogo de sockets)...
[19:33:50] [SUCCESS] ✅ ✓ Resetando Winsock (repara catálogo de sockets)... - Sucesso
[19:33:50] [INFO] Resetando pilha TCP/IP (repara configurações IP)...
[19:33:50] [WARNING] ⚠ ⚠ Resetando pilha TCP/IP (repara configurações IP)... - Código: 1
[19:33:50] [INFO] Limpando cache NetBIOS (purga nomes locais)...
[19:33:50] [SUCCESS] ✅ ✓ Limpando cache NetBIOS (purga nomes locais)... - Sucesso
[19:33:50] [INFO] Liberando nomes NetBIOS (atualiza registro)...
[19:33:51] [SUCCESS] ✅ ✓ Liberando nomes NetBIOS (atualiza registro)... - Sucesso
[19:33:51] [INFO] Limpando cache ARP (remove mapeamentos de IP para MAC)...
[19:33:51] [SUCCESS] ✅ ✓ Limpando cache ARP (remove mapeamentos de IP para MAC)... - Sucesso
[19:33:51] [INFO] Parando serviço DNS Client...
[19:33:51] [WARNING] ⚠ ⚠ Parando serviço DNS Client... - Código: 2
[19:33:51] [INFO] Limpando cache DNS...
[19:33:51] [SUCCESS] ✅ ✓ Limpando cache DNS... - Sucesso
[19:33:51] [INFO] Reiniciando serviço DNS Client...
[19:33:51] [WARNING] ⚠ ⚠ Reiniciando serviço DNS Client... - Código: 2
[19:33:51] [INFO] Liberando IP atual...
[19:33:51] [SUCCESS] ✅ ✓ Liberando IP atual... - Sucesso
[19:33:51] [INFO] Renovando IP...
[19:33:51] [SUCCESS] ✅ ✓ Renovando IP... - Sucesso
[19:33:51] [INFO] Registrando DNS...
[19:33:54] [SUCCESS] ✅ ✓ Registrando DNS... - Sucesso
[19:33:54] [SUCCESS] ✅ ✓ netsh winsock reset - Sucesso
[19:33:54] [SUCCESS] ✅ Cache DNS limpo com sucesso!
[19:34:04] [SUCCESS] ✅ IP renovado com sucesso
[19:34:18] [SUCCESS] ✅ Winsock resetado - reinício necessário
[19:34:45] [SUCCESS] ✅ Reinício de adaptadores de rede iniciado
[19:35:14] [INFO] ℹ Comando executado: route print
[19:36:14] [SUCCESS] ✅ Reset completo de rede agendado - reinício em 60s
[19:36:16] [INFO] ℹ Aplicação minimizada para bandeja
[19:36:38] [INFO] ℹ Aplicação restaurada da bandeja
[19:36:42] [INFO] ℹ Aplicação minimizada para bandeja
